# 255, 255, 255
set 1 to 0
set 2 to 0
set 3 to 0
# 0, 0, 0
set 1 to 255
set 2 to 255
set 3 to 255
